// Jest Snapshot v1, https://goo.gl/fbAQLP

exports[`Main should match snapshot 1`] = `
<View
  className="flex-1 items-center justify-center"
>
  <Text
    accessibilityHint="header"
    className="text-xl font-bold text-blue-600"
  >
    Hello World
  </Text>
</View>
`;
